#	TEST/program1.sh/SA-shellcheck-001.expected  0.1.1.git-TEST-commit-#1.4.6  2019-10-02T11:21:42.866303-05:00 (CDT)  https://github.com/BradleyA/git-TEST-commit.git  uadmin  five-rpi3b.cptx86.com 0.1.1.git-TEST-commit-#1.3  
#	   #1   added TEST case directory with default test cases 
